     1                                  SECTION .data			; Section containing initialised data
     2                                  
     3 00000000 506C6561736520656E-     	 userMsg db 'Please enter a number: ' ;Ask the user to enter a number
     3 00000009 7465722061206E756D-
     3 00000012 6265723A20         
     4                                     lenUserMsg equ $-userMsg             ;The length of the message
     5 00000017 596F75206861766520-        dispMsg db 'You have entered: '
     5 00000020 656E74657265643A20 
     6                                     lenDispMsg equ $-dispMsg 
     7                                  
     8                                  SECTION .bss			; Section containing uninitialized data	
     9 00000000 <res 00000005>              num resb 5
    10                                  
    11                                  section .text
    12                                  
    13                                   global	_start
    14                                  
    15                                  _start:
    16 00000000 90                              	nop
    17                                  ; Put your experiments between the two nops...
    18                                  
    19 00000001 B804000000                 mov eax, 4
    20 00000006 BB01000000                 mov ebx, 1
    21 0000000B B9[00000000]               mov ecx, userMsg
    22 00000010 BA17000000                 mov edx, lenUserMsg
    23 00000015 CD80                       int 80h
    24                                  
    25                                     ;Read and store the user input
    26 00000017 B803000000                 mov eax, 3
    27 0000001C BB02000000                 mov ebx, 2
    28 00000021 B9[00000000]               mov ecx, num  
    29 00000026 BA05000000                 mov edx, 5          ;5 bytes (numeric, 1 for sign) of that information
    30 0000002B CD80                       int 80h
    31                                  	
    32                                     ;Output the message 'The entered number is: '
    33 0000002D B804000000                 mov eax, 4
    34 00000032 BB01000000                 mov ebx, 1
    35 00000037 B9[17000000]               mov ecx, dispMsg
    36 0000003C BA12000000                 mov edx, lenDispMsg
    37 00000041 CD80                       int 80h  
    38                                  
    39                                     ;Output the number entered
    40 00000043 B804000000                 mov eax, 4
    41 00000048 BB01000000                 mov ebx, 1
    42 0000004D B9[00000000]               mov ecx, num
    43 00000052 BA05000000                 mov edx, 5
    44 00000057 CD80                       int 80h  
    45                                      
    46                                  
    47                                  
    48                                  Exit:
    49 00000059 B801000000                  mov eax, 1 
    50 0000005E BB00000000                  mov ebx, 0 
    51 00000063 CD80                        int 80h
    52                                  
    53                                  ; Put your experiments between the two nops...
    54 00000065 90                      	        nop
