     1                                  SECTION .data			; Section containing initialised data
     2                                  	
     3 00000000 456174206174204A6F-     	EatMsg: db "Eat at Joe's!",10
     3 00000009 652773210A         
     4                                  	EatLen: equ $-EatMsg	
     5                                  	
     6                                  SECTION .bss			; Section containing uninitialized data	
     7                                  
     8                                  section .text
     9                                  	global	_start
    10                                  _start:
    11 00000000 90                      	nop
    12                                  ; Put your experiments between the two nops...
    13                                  
    14 00000001 B8FFFFFFFF              mov eax, 0FFFFFFFFh
    15 00000006 BBCB060000              mov ebx, 1739
    16 0000000B F7E3                    mul ebx
    17                                  
    18                                  
    19                                  ; Put your experiments between the two nops...
    20 0000000D 90                      	nop
